// Jest Snapshot v1, https://goo.gl/fbAQLP

exports[`p6-tab renders 1`] = `
<p6-tab role="tab" slot="tab">
  <mock:shadow-root>
    <div>
      <div class="slotWrapper">
        <slot></slot>
      </div>
    </div>
  </mock:shadow-root>
</p6-tab>
`;
